#
# There is insufficient memory for the Java Runtime Environment to continue.
# Native memory allocation (mmap) failed to map 264241152 bytes. Error detail: G1 virtual space
# Possible reasons:
#   The system is out of physical RAM or swap space
#   This process is running with CompressedOops enabled, and the Java Heap may be blocking the growth of the native heap
# Possible solutions:
#   Reduce memory load on the system
#   Increase physical memory or swap space
#   Check if swap backing store is full
#   Decrease Java heap size (-Xmx/-Xms)
#   Decrease number of Java threads
#   Decrease Java thread stack sizes (-Xss)
#   Set larger code cache with -XX:ReservedCodeCacheSize=
#   JVM is running with Zero Based Compressed Oops mode in which the Java heap is
#     placed in the first 32GB address space. The Java Heap base address is the
#     maximum limit for the native heap growth. Please use -XX:HeapBaseMinAddress
#     to set the Java Heap base and to place the Java Heap above 32GB virtual address.
# This output file may be truncated or incomplete.
#
#  Out of Memory Error (os_windows.cpp:3564), pid=24296, tid=11460
#
# JRE version:  (24.0.2+12) (build )
# Java VM: Java HotSpot(TM) 64-Bit Server VM (24.0.2+12-54, mixed mode, sharing, tiered, compressed oops, compressed class ptrs, g1 gc, windows-amd64)
# No core dump will be written. Minidumps are not enabled by default on client versions of Windows
#

---------------  S U M M A R Y ------------

Command Line: -Duser.language=en -Dfile.encoding=UTF-8 

Host: 13th Gen Intel(R) Core(TM) i9-13900H, 20 cores, 15G,  Windows 11 , 64 bit Build 22621 (10.0.22621.5415)
Time: Tue Sep  9 11:45:29 2025 Pacific Daylight Time elapsed time: 0.089785 seconds (0d 0h 0m 0s)

---------------  T H R E A D  ---------------

Current thread (0x0000023f2ca524f0):  JavaThread "Unknown thread" [_thread_in_vm, id=11460, stack(0x000000603c600000,0x000000603c700000) (1024K)]

Stack: [0x000000603c600000,0x000000603c700000]
Native frames: (J=compiled Java code, j=interpreted, Vv=VM code, C=native code)
V  [jvm.dll+0x730829]  (no source info available)
V  [jvm.dll+0x8d9da3]  (no source info available)
V  [jvm.dll+0x8dc28d]  (no source info available)
V  [jvm.dll+0x8dc903]  (no source info available)
V  [jvm.dll+0x2a9f56]  (no source info available)
V  [jvm.dll+0x72cd55]  (no source info available)
V  [jvm.dll+0x72066a]  (no source info available)
V  [jvm.dll+0x390b7a]  (no source info available)
V  [jvm.dll+0x398906]  (no source info available)
V  [jvm.dll+0x3850de]  (no source info available)
V  [jvm.dll+0x385398]  (no source info available)
V  [jvm.dll+0x35d10c]  (no source info available)
V  [jvm.dll+0x35ddcd]  (no source info available)
V  [jvm.dll+0x89d50f]  (no source info available)
V  [jvm.dll+0x3f979d]  (no source info available)
V  [jvm.dll+0x885b66]  (no source info available)
V  [jvm.dll+0x495e7e]  (no source info available)
V  [jvm.dll+0x497c51]  (no source info available)
C  [jli.dll+0x52a1]  (no source info available)
C  [ucrtbase.dll+0x29333]  (no source info available)
C  [KERNEL32.DLL+0x1259d]  (no source info available)
C  [ntdll.dll+0x5af78]  (no source info available)

Lock stack of current Java thread (top to bottom):


---------------  P R O C E S S  ---------------

Threads class SMR info:
_java_thread_list=0x00007ff8395df318, length=0, elements={
}

Java Threads: ( => current thread )
Total: 0

Other Threads:
  0x0000023f2efc3530 WorkerThread "GC Thread#0"                     [id=2484, stack(0x000000603c700000,0x000000603c800000) (1024K)]
  0x0000023f2efd8770 ConcurrentGCThread "G1 Main Marker"            [id=25868, stack(0x000000603c800000,0x000000603c900000) (1024K)]
  0x0000023f2efd9280 WorkerThread "G1 Conc#0"                       [id=14876, stack(0x000000603c900000,0x000000603ca00000) (1024K)]

[error occurred during error reporting (printing all threads), id 0xc0000005, EXCEPTION_ACCESS_VIOLATION (0xc0000005) at pc=0x00007ff838d1138a]
VM state: not at safepoint (not fully initialized)

VM Mutex/Monitor currently owned by a thread:  ([mutex/lock_event])
[0x00007ff8396645f0] Heap_lock - owner thread: 0x0000023f2ca524f0

Heap address: 0x0000000705c00000, size: 4004 MB, Compressed Oops mode: Zero based, Oop shift amount: 3

CDS archive(s) mapped at: [0x0000000000000000-0x0000000000000000-0x0000000000000000), size 0, SharedBaseAddress: 0x0000000800000000, ArchiveRelocationMode: 1.
UseCompressedClassPointers 1, UseCompactObjectHeaders 0
Narrow klass pointer bits 32, Max shift 3
Narrow klass base: 0xffffffffffffffff, Narrow klass shift: -1
Encoding Range: [0xffffffffffffffff - 0x000000007fffffff), (2147483648 bytes)
Klass Range:    [0x0000000000000000 - 0x0000000000000000), (0 bytes)
Klass ID Range:  [4294967295 - 0) (1)

GC Precious Log:
 CardTable entry size: 512
 Card Set container configuration: InlinePtr #cards 4 size 8 Array Of Cards #cards 16 size 48 Howl #buckets 8 coarsen threshold 3686 Howl Bitmap #cards 512 size 80 coarsen threshold 460 Card regions per heap region 1 cards per card region 4096

Heap:
 garbage-first heap   total reserved 4100096K, committed 0K, used 0K [0x0000000705c00000, 0x0000000800000000)
  region size 2048K, 0 young (0K), 0 survivors (0K)

[error occurred during error reporting (printing heap information), id 0xc0000005, EXCEPTION_ACCESS_VIOLATION (0xc0000005) at pc=0x00007ff83912e679]
GC Heap History (0 events):
No events

Dll operation events (1 events):
Event: 0.051 Loaded shared library C:\Program Files\Java\jdk-24\bin\java.dll

Deoptimization events (0 events):
No events

Classes loaded (0 events):
No events

Classes unloaded (0 events):
No events

Classes redefined (0 events):
No events

Internal exceptions (0 events):
No events

VM Operations (0 events):
No events

Memory protections (0 events):
No events

Nmethod flushes (0 events):
No events

Events (0 events):
No events


Dynamic libraries:
0x00007ff65cad0000 - 0x00007ff65cae0000 	C:\Program Files\Java\jdk-24\bin\java.exe
0x00007ff914570000 - 0x00007ff914787000 	C:\WINDOWS\SYSTEM32\ntdll.dll
0x00007ff913d10000 - 0x00007ff913dd4000 	C:\WINDOWS\System32\KERNEL32.DLL
0x00007ff911a80000 - 0x00007ff911e52000 	C:\WINDOWS\System32\KERNELBASE.dll
0x00007ff911660000 - 0x00007ff911771000 	C:\WINDOWS\System32\ucrtbase.dll
0x00007ff904c40000 - 0x00007ff904c56000 	C:\Program Files\Java\jdk-24\bin\jli.dll
0x00007ff904a60000 - 0x00007ff904a7b000 	C:\Program Files\Java\jdk-24\bin\VCRUNTIME140.dll
0x00007ff914360000 - 0x00007ff914511000 	C:\WINDOWS\System32\USER32.dll
0x00007ff911780000 - 0x00007ff9117a6000 	C:\WINDOWS\System32\win32u.dll
0x00007ff913070000 - 0x00007ff913099000 	C:\WINDOWS\System32\GDI32.dll
0x00007ff911ee0000 - 0x00007ff912003000 	C:\WINDOWS\System32\gdi32full.dll
0x00007ff9117b0000 - 0x00007ff91184a000 	C:\WINDOWS\System32\msvcp_win.dll
0x00007ff900de0000 - 0x00007ff90107b000 	C:\WINDOWS\WinSxS\amd64_microsoft.windows.common-controls_6595b64144ccf1df_6.0.22621.5697_none_27154c497380d676\COMCTL32.dll
0x00007ff912fb0000 - 0x00007ff913057000 	C:\WINDOWS\System32\msvcrt.dll
0x00007ff913cd0000 - 0x00007ff913d01000 	C:\WINDOWS\System32\IMM32.DLL
0x00007ff9068e0000 - 0x00007ff9068ec000 	C:\Program Files\Java\jdk-24\bin\vcruntime140_1.dll
0x00007ff8c4c90000 - 0x00007ff8c4d1e000 	C:\Program Files\Java\jdk-24\bin\msvcp140.dll
0x00007ff8389a0000 - 0x00007ff839741000 	C:\Program Files\Java\jdk-24\bin\server\jvm.dll
0x00007ff9141d0000 - 0x00007ff914281000 	C:\WINDOWS\System32\ADVAPI32.dll
0x00007ff9142b0000 - 0x00007ff914358000 	C:\WINDOWS\System32\sechost.dll
0x00007ff912010000 - 0x00007ff912038000 	C:\WINDOWS\System32\bcrypt.dll
0x00007ff912560000 - 0x00007ff912677000 	C:\WINDOWS\System32\RPCRT4.dll
0x00007ff9124e0000 - 0x00007ff912551000 	C:\WINDOWS\System32\WS2_32.dll
0x00007ff910370000 - 0x00007ff9103bd000 	C:\WINDOWS\SYSTEM32\POWRPROF.dll
0x00007ff906820000 - 0x00007ff90682a000 	C:\WINDOWS\SYSTEM32\VERSION.dll
0x00007ff907d90000 - 0x00007ff907dc4000 	C:\WINDOWS\SYSTEM32\WINMM.dll
0x00007ff910350000 - 0x00007ff910363000 	C:\WINDOWS\SYSTEM32\UMPDC.dll
0x00007ff910610000 - 0x00007ff910628000 	C:\WINDOWS\SYSTEM32\kernel.appcore.dll
0x00007ff904ce0000 - 0x00007ff904cea000 	C:\Program Files\Java\jdk-24\bin\jimage.dll
0x00007ff90eb10000 - 0x00007ff90ed43000 	C:\WINDOWS\SYSTEM32\DBGHELP.DLL
0x00007ff913290000 - 0x00007ff913622000 	C:\WINDOWS\System32\combase.dll
0x00007ff913120000 - 0x00007ff9131f8000 	C:\WINDOWS\System32\OLEAUT32.dll
0x00007ff906840000 - 0x00007ff906872000 	C:\WINDOWS\SYSTEM32\dbgcore.DLL
0x00007ff912180000 - 0x00007ff9121fb000 	C:\WINDOWS\System32\bcryptPrimitives.dll
0x00007ff904220000 - 0x00007ff90423e000 	C:\Program Files\Java\jdk-24\bin\java.dll
0x00007ff913de0000 - 0x00007ff913f80000 	C:\WINDOWS\System32\ole32.dll
0x00007ff9126f0000 - 0x00007ff912f91000 	C:\WINDOWS\System32\SHELL32.dll
0x00007ff912040000 - 0x00007ff91217f000 	C:\WINDOWS\System32\wintypes.dll

JVMTI agents: none

dbghelp: loaded successfully - version: 4.0.5 - missing functions: none
symbol engine: initialized successfully - sym options: 0x614 - pdb path: .;C:\Program Files\Java\jdk-24\bin;C:\WINDOWS\SYSTEM32;C:\WINDOWS\WinSxS\amd64_microsoft.windows.common-controls_6595b64144ccf1df_6.0.22621.5697_none_27154c497380d676;C:\Program Files\Java\jdk-24\bin\server

VM Arguments:
jvm_args: -Duser.language=en -Dfile.encoding=UTF-8 
java_command: <unknown>
java_class_path (initial): <not set>
Launcher Type: SUN_STANDARD

[Global flags]
     intx CICompilerCount                          = 12                                        {product} {ergonomic}
     uint ConcGCThreads                            = 4                                         {product} {ergonomic}
     uint G1ConcRefinementThreads                  = 15                                        {product} {ergonomic}
   size_t G1HeapRegionSize                         = 2097152                                   {product} {ergonomic}
   size_t InitialHeapSize                          = 264241152                                 {product} {ergonomic}
   size_t MarkStackSize                            = 4194304                                   {product} {ergonomic}
   size_t MarkStackSizeMax                         = 536870912                                 {product} {ergonomic}
   size_t MaxHeapSize                              = 4198498304                                {product} {ergonomic}
   size_t MinHeapDeltaBytes                        = 2097152                                   {product} {ergonomic}
   size_t MinHeapSize                              = 8388608                                   {product} {ergonomic}
    uintx NonNMethodCodeHeapSize                   = 7602176                                {pd product} {ergonomic}
    uintx NonProfiledCodeHeapSize                  = 122093568                              {pd product} {ergonomic}
    uintx ProfiledCodeHeapSize                     = 121962496                              {pd product} {ergonomic}
    uintx ReservedCodeCacheSize                    = 251658240                              {pd product} {ergonomic}
     bool SegmentedCodeCache                       = true                                      {product} {ergonomic}
   size_t SoftMaxHeapSize                          = 4198498304                             {manageable} {ergonomic}
     bool UseCompressedOops                        = true                           {product lp64_product} {ergonomic}
     bool UseG1GC                                  = true                                      {product} {ergonomic}
     bool UseLargePagesIndividualAllocation        = false                                  {pd product} {ergonomic}

Logging:
Log output configuration:
 #0: stdout all=warning uptime,level,tags foldmultilines=false
 #1: stderr all=off uptime,level,tags foldmultilines=false

Environment Variables:
PATH=C:\Program Files\Common Files\Oracle\Java\javapath;C:\Program Files (x86)\Common Files\Oracle\Java\java8path;C:\Program Files (x86)\Common Files\Oracle\Java\javapath;C:\WINDOWS\system32;C:\WINDOWS;C:\WINDOWS\System32\Wbem;C:\WINDOWS\System32\WindowsPowerShell\v1.0\;C:\WINDOWS\System32\OpenSSH\;C:\Program Files\Microsoft SQL Server\150\Tools\Binn\;C:\Program Files\Microsoft SQL Server\Client SDK\ODBC\170\Tools\Binn\;C:\Program Files\dotnet\;C:\Program Files\Git\cmd;C:\Program Files\MATLAB\MATLAB Runtime\R2023b\runtime\win64;C:\Program Files\MATLAB\R2023b\runtime\win64;C:\Program Files\MATLAB\R2023b\bin;C:\Program Files\gs\gs10.05.1\bin;%NVM_HOME%;%NVM_SYMLINK%;C:\Users\EricLusk-Jopson\AppData\Local\Programs\Python\Python313\Scripts\;C:\Users\EricLusk-Jopson\AppData\Local\Programs\Python\Python313\;C:\Users\EricLusk-Jopson\AppData\Local\pnpm;C:\Users\EricLusk-Jopson\AppData\Local\Programs\Python\Python312\Scripts\;C:\Users\EricLusk-Jopson\AppData\Local\Programs\Python\Python312\;C:\Users\EricLusk-Jopson\AppData\Local\Microsoft\WindowsApps;C:\Users\EricLusk-Jopson\AppData\Local\Programs\Microsoft VS Code\bin;C:\Users\EricLusk-Jopson\AppData\Local\Programs\Azure Data Studio\bin;C:\Users\EricLusk-Jopson\.dotnet\tools;C:\Users\EricLusk-Jopson\AppData\Roaming\npm;C:\development\flutter\bin;C:\Users\EricLusk-Jopson\AppData\Local\Programs\MiKTeX\miktex\bin\x64\;C:\Users\EricLusk-Jopson\AppData\Local\nvm;C:\nvm4w\nodejs
USERNAME=EricLusk-Jopson
LANG=en_US.UTF-8
OS=Windows_NT
PROCESSOR_IDENTIFIER=Intel64 Family 6 Model 186 Stepping 2, GenuineIntel
TMP=C:\Users\ERICLU~1\AppData\Local\Temp
TEMP=C:\Users\ERICLU~1\AppData\Local\Temp




Periodic native trim disabled

---------------  S Y S T E M  ---------------

OS:
 Windows 11 , 64 bit Build 22621 (10.0.22621.5415)
OS uptime: 5 days 2:09 hours
Hyper-V role detected

CPU: total 20 (initial active 20) (10 cores per cpu, 2 threads per core) family 6 model 186 stepping 2 microcode 0x411f, cx8, cmov, fxsr, ht, mmx, 3dnowpref, sse, sse2, sse3, ssse3, sse4.1, sse4.2, popcnt, lzcnt, tsc, tscinvbit, avx, avx2, aes, erms, clmul, bmi1, bmi2, adx, sha, fma, vzeroupper, clflush, clflushopt, clwb, hv, serialize, rdtscp, rdpid, fsrm, gfni, f16c, cet_ibt, cet_ss
Processor Information for processor 0
  Max Mhz: 2600, Current Mhz: 2600, Mhz Limit: 2600
Processor Information for processor 1
  Max Mhz: 2600, Current Mhz: 1496, Mhz Limit: 2600
Processor Information for processor 2
  Max Mhz: 2600, Current Mhz: 1496, Mhz Limit: 2600
Processor Information for processor 3
  Max Mhz: 2600, Current Mhz: 2600, Mhz Limit: 2600
Processor Information for processor 4
  Max Mhz: 2600, Current Mhz: 2600, Mhz Limit: 2600
Processor Information for processor 5
  Max Mhz: 2600, Current Mhz: 2600, Mhz Limit: 2600
Processor Information for processor 6
  Max Mhz: 2600, Current Mhz: 2600, Mhz Limit: 2600
Processor Information for processor 7
  Max Mhz: 2600, Current Mhz: 2600, Mhz Limit: 2600
Processor Information for processor 8
  Max Mhz: 2600, Current Mhz: 2600, Mhz Limit: 2600
Processor Information for processor 9
  Max Mhz: 2600, Current Mhz: 1496, Mhz Limit: 2600
Processor Information for processor 10
  Max Mhz: 2600, Current Mhz: 2600, Mhz Limit: 2600
Processor Information for processor 11
  Max Mhz: 2600, Current Mhz: 2600, Mhz Limit: 2600
Processor Information for processor 12
  Max Mhz: 2600, Current Mhz: 1900, Mhz Limit: 1898
Processor Information for processor 13
  Max Mhz: 2600, Current Mhz: 1900, Mhz Limit: 1898
Processor Information for processor 14
  Max Mhz: 2600, Current Mhz: 1500, Mhz Limit: 1898
Processor Information for processor 15
  Max Mhz: 2600, Current Mhz: 1900, Mhz Limit: 1898
Processor Information for processor 16
  Max Mhz: 2600, Current Mhz: 1500, Mhz Limit: 1898
Processor Information for processor 17
  Max Mhz: 2600, Current Mhz: 1900, Mhz Limit: 1898
Processor Information for processor 18
  Max Mhz: 2600, Current Mhz: 1900, Mhz Limit: 1898
Processor Information for processor 19
  Max Mhz: 2600, Current Mhz: 1500, Mhz Limit: 1898

Memory: 4k page, system-wide physical 16013M (2194M free)
TotalPageFile size 65165M (AvailPageFile size 10M)
current process WorkingSet (physical memory assigned to process): 12M, peak: 12M
current process commit charge ("private bytes"): 75M, peak: 327M

vm_info: Java HotSpot(TM) 64-Bit Server VM (24.0.2+12-54) for windows-amd64 JRE (24.0.2+12-54), built on 2025-07-08T12:10:27Z with MS VC++ 17.6 (VS2022)

END.
